// Jest Snapshot v1, https://goo.gl/fbAQLP

exports[`component schematic for app directory should set directory when used 1`] = `
"<template>
  <p>Welcome to MyComponent</p>
</template>

<script lang=\\"ts\\">
import { defineComponent } from 'vue';

export default defineComponent({
  name: 'MyComponent',
});
</script>

<style scoped></style>
"
`;
